[{"diff":"unchanged","value":["a","b","c"],"key":"chars1"},{"value2":false,"value1":["d","e","f"],"diff":"changed","key":"chars2"},{"value2":true,"value1":false,"diff":"changed","key":"checked"},{"value2":["value1","value2"],"value1":null,"diff":"changed","key":"default"},{"value2":null,"value1":45,"diff":"changed","key":"id"},{"diff":"deleted","value":"value1","key":"key1"},{"diff":"added","value":"value2","key":"key2"},{"diff":"unchanged","value":[1,2,3,4],"key":"numbers1"},{"value2":[22,33,44,55],"value1":[2,3,4,5],"diff":"changed","key":"numbers2"},{"diff":"deleted","value":[3,4,5],"key":"numbers3"},{"diff":"added","value":[4,5,6],"key":"numbers4"},{"diff":"added","value":{"nestedKey":"value","isNested":true},"key":"obj1"},{"value2":"Another value","value1":"Some value","diff":"changed","key":"setting1"},{"value2":300,"value1":200,"diff":"changed","key":"setting2"},{"value2":"none","value1":true,"diff":"changed","key":"setting3"}]